[38;2;107;114;128m│[0m                          [38;2;107;114;128m│[0m [38;2;107;114;128mNo recent sessions[0m                                                  [38;2;107;114;128m│
│[0m                          [38;2;107;114;128m│[0m                                                                     [38;2;107;114;128m│
│[0m                          [38;2;107;114;128m│[0m                                                                     [38;2;107;114;128m│
│[0m                          [38;2;107;114;128m│[0m                                                                     [38;2;107;114;128m│
│[0m                          [38;2;107;114;128m│[0m                                                                     [38;2;107;114;128m│
╰──────────────────────────┴─────────────────────────────────────────────────────────────────────╯
[0m [38;2;212;192;144mTip: [38;2;156;163;176mTired of typing "keep going"? Just send a '.'


[0m [38;2;107;114;128mMCP server failed to connect: expo:expo [config:                                                   
[0m [38;2;107;114;128m~/.claude/plugins/cache/claude-plugins-official/expo/1.13.6/.mcp.json]: HTTP 401:                  
[0m [38;2;107;114;128m{"error":"invalid_token","error_description":"Missing Authorization h…[0m                             

[38;2;255;179;71m────────────────────────────────────────────────────────────────────────────────────────────────────
[0m [38;2;255;179;71mUpdate Available[0m                                                                                   
 [38;2;156;163;176mNew version 18.4.3 is available. Run: [38;2;0;180;255momp update[0m                                                   
[38;2;255;179;71m────────────────────────────────────────────────────────────────────────────────────────────────────

[38;2;42;48;56m╭─[38;2;0;180;255m Ask [38;2;42;48;56m────────────────────────────────────────────────────────────────────────────────────────────╮
│[0m Which color do you like?                                                                         [38;2;42;48;56m│
├──────────────────────────────────────────────────────────────────────────────────────────────────┤
│[0m   [38;2;107;114;128m○[0m Red                                                                                          [38;2;42;48;56m│
│[0m   [38;2;107;114;128m○[0m Green                                                                                        [38;2;42;48;56m│
│[0m [38;2;0;180;255m❯ [38;2;107;114;128m○[0m [38;2;0;180;255mBlue[0m                                                                                         [38;2;42;48;56m│
│[0m   [38;2;107;114;128m○[0m Other (type your own)                                                                        [38;2;42;48;56m│
│[0m                                                                                                  [38;2;42;48;56m│
│[0m                                                                                                  [38;2;42;48;56m│
├──────────────────────────────────────────────────────────────────────────────────────────────────┤
│[0m [38;2;107;114;128mEnter select · n note · ↑/↓ move · Esc cancel[0m                                                    [38;2;42;48;56m│
╰──────────────────────────────────────────────────────────────────────────────────────────────────╯[20A[100D[0m[?2004h