[38;2;107;114;128m│[0m                          [38;2;107;114;128m│[0m                                                                     [38;2;107;114;128m│
│[0m                          [38;2;107;114;128m│[0m                                                                     [38;2;107;114;128m│
╰──────────────────────────┴─────────────────────────────────────────────────────────────────────╯
[0m [38;2;212;192;144mTip: [38;2;156;163;176mPlease use nerdfont 😭.


[0m [38;2;107;114;128mConnecting to MCP servers: expo:expo…[0m                                                              

[38;2;255;179;71m────────────────────────────────────────────────────────────────────────────────────────────────────
[0m [38;2;255;179;71mUpdate Available[0m                                                                                   
 [38;2;156;163;176mNew version 18.4.3 is available. Run: [38;2;0;180;255momp update[0m                                                   
[38;2;255;179;71m────────────────────────────────────────────────────────────────────────────────────────────────────

[0m [38;2;107;114;128mRESULT ask2: {"kind":"submit","results":[{"id":"color","question":"Which color do you              
[0m [38;2;107;114;128mlike?","options":["Red","Green","Blue"],"multi":false,"selectedOptions":["Green"]},{"id":"fruit"," 
[0m [38;2;107;114;128mquestion":"Which fruit?","options":["Apple","Pear"],"multi":false,"selectedOptions":["Apple"]}]}[0m   

[48;2;15;18;22m [38;2;107;114;128mπ[39m [38;2;42;48;56m>[39m [38;2;0;180;255m◒ Opus 5.5[39m [38;2;42;48;56m>[39m [38;2;232;236;244m🗑 probe[39m [38;2;42;48;56m>[39m [38;2;212;192;144m(sub)[39m [38;2;15;18;22;49m▶[38;2;0;180;255m──4%[38;2;42;48;56m───────────────────────────────────────────────[38;2;156;163;176m╎[38;2;42;48;56m─[38;2;57;152;191m┃[38;2;42;48;56m────────[38;2;57;152;191m1M[38;2;42;48;56m─
[38;2;0;180;255m╰─ [0m                                                                                                 [97D[?2004h