[38;2;107;114;128m│[0m                          [38;2;107;114;128m│[0m                                                                     [38;2;107;114;128m│
│[0m                          [38;2;107;114;128m│[0m                                                                     [38;2;107;114;128m│
╰──────────────────────────┴─────────────────────────────────────────────────────────────────────╯
[0m [38;2;212;192;144mTip: [38;2;156;163;176mSpaghetti code? Try complaining with /omfg


[0m [38;2;107;114;128mConnecting to MCP servers: expo:expo…[0m                                                              

[38;2;255;179;71m────────────────────────────────────────────────────────────────────────────────────────────────────
[0m [38;2;255;179;71mUpdate Available[0m                                                                                   
 [38;2;156;163;176mNew version 18.4.3 is available. Run: [38;2;0;180;255momp update[0m                                                   
[38;2;255;179;71m────────────────────────────────────────────────────────────────────────────────────────────────────

[0m [38;2;107;114;128mMCP server failed to connect: expo:expo [config:                                                   
[0m [38;2;107;114;128m~/.claude/plugins/cache/claude-plugins-official/expo/1.13.6/.mcp.json]: HTTP 401:                  
[0m [38;2;107;114;128m{"error":"invalid_token","error_description":"Missing Authorization h…[0m                             

[38;2;42;48;56m╭─[38;2;0;180;255m Custom answer: Which color do you like? [38;2;42;48;56m────────────────────────────────────────────────────────╮
│[0m                                                                                                  [38;2;42;48;56m│
│[0m >                                                                                                [38;2;42;48;56m│
│[0m                                                                                                  [38;2;42;48;56m│
│[0m [38;2;107;114;128menter or ctrl+q submit  esc cancel  ctrl+g external editor[0m                                       [38;2;42;48;56m│
│[0m                                                                                                  [38;2;42;48;56m│
╰──────────────────────────────────────────────────────────────────────────────────────────────────╯[4A[96D[0m[?2004h