[38;2;107;114;128m│[0m                          [38;2;107;114;128m│[0m                                                                     [38;2;107;114;128m│
│[0m                          [38;2;107;114;128m│[0m                                                                     [38;2;107;114;128m│
│[0m                          [38;2;107;114;128m│[0m                                                                     [38;2;107;114;128m│
╰──────────────────────────┴─────────────────────────────────────────────────────────────────────╯
[0m [38;2;212;192;144mTip: [38;2;156;163;176mNeed a cheap nested model call? Use `completion(x...)`. Have a big batch of tasks? Ask
[0m      [38;2;156;163;176mclanker to use it!


[0m [38;2;107;114;128mMCP server failed to connect: expo:expo [config:                                                   
[0m [38;2;107;114;128m~/.claude/plugins/cache/claude-plugins-official/expo/1.13.6/.mcp.json]: HTTP 401:                  
[0m [38;2;107;114;128m{"error":"invalid_token","error_description":"Missing Authorization h…[0m                             

[38;2;255;179;71m────────────────────────────────────────────────────────────────────────────────────────────────────
[0m [38;2;255;179;71mUpdate Available[0m                                                                                   
 [38;2;156;163;176mNew version 18.4.3 is available. Run: [38;2;0;180;255momp update[0m                                                   
[38;2;255;179;71m────────────────────────────────────────────────────────────────────────────────────────────────────

[38;2;42;48;56m╭─[38;2;0;180;255m Ask [38;2;42;48;56m────────────────────────────────────────────────────────────────────────────────────────────╮
│[0m [48;2;0;130;179m checks [0m  [38;2;156;163;176m fruit [0m  [38;2;156;163;176m Submit [0m                                                                      [38;2;42;48;56m│
│[0m Which checks?                                                                                    [38;2;42;48;56m│
├──────────────────────────────────────────────────────────────────────────────────────────────────┤
│[0m [38;2;0;180;255m❯ [38;2;107;114;128m☐[0m [38;2;0;180;255mLint[0m                                                                                         [38;2;42;48;56m│
│[0m   [38;2;107;114;128m☐[0m Tests                                                                                        [38;2;42;48;56m│
│[0m   [38;2;107;114;128m☐[0m Build                                                                                        [38;2;42;48;56m│
│[0m   [38;2;107;114;128m☐[0m Other (type your own)                                                                        [38;2;42;48;56m│
│[0m                                                                                                  [38;2;42;48;56m│
│[0m                                                                                                  [38;2;42;48;56m│
├──────────────────────────────────────────────────────────────────────────────────────────────────┤
│[0m [38;2;107;114;128mSpace toggle · Enter next · ↑/↓ move · Tab/←/→ · Esc cancel[0m                                      [38;2;42;48;56m│
╰──────────────────────────────────────────────────────────────────────────────────────────────────╯[21A[100D[0m[?2004h